[    0.000000] Linux version 4.15.0-189-generic (buildd@lcy02-amd64-039) (gcc version 7.5.0 (Ubuntu 7.5.0-3ubuntu1~18.04)) #200-Ubuntu SMP Wed Jun 22 19:53:37 UTC 2022 (Ubuntu 4.15.0-189.200-generic 4.15.18)
[    0.000000] Command line: BOOT_IMAGE=/boot/vmlinuz-4.15.0-189-generic root=LABEL=cloudimg-rootfs ro console=tty1 console=ttyS0
[    0.000000] KERNEL supported cpus:
[    0.000000]   Intel GenuineIntel
[    0.000000]   AMD AuthenticAMD
[    0.000000]   Centaur CentaurHauls
[    0.000000] x86/fpu: x87 FPU will use FXSAVE
[    0.000000] e820: BIOS-provided physical RAM map:
[    0.000000] BIOS-e820: [mem 0x0000000000000000-0x000000000009fbff] usable
[    0.000000] BIOS-e820: [mem 0x000000000009fc00-0x000000000009ffff] reserved
[    0.000000] BIOS-e820: [mem 0x00000000000f0000-0x00000000000fffff] reserved
[    0.000000] BIOS-e820: [mem 0x0000000000100000-0x000000003ffeffff] usable
[    0.000000] BIOS-e820: [mem 0x000000003fff0000-0x000000003fffffff] ACPI data
[    0.000000] BIOS-e820: [mem 0x00000000fec00000-0x00000000fec00fff] reserved
[    0.000000] BIOS-e820: [mem 0x00000000fee00000-0x00000000fee00fff] reserved
[    0.000000] BIOS-e820: [mem 0x00000000fffc0000-0x00000000ffffffff] reserved
[    0.000000] NX (Execute Disable) protection: active
[    0.000000] SMBIOS 2.5 present.
[    0.000000] DMI: innotek GmbH VirtualBox/VirtualBox, BIOS VirtualBox 12/01/2006
[    0.000000] Hypervisor detected: KVM
[    0.000000] e820: last_pfn = 0x3fff0 max_arch_pfn = 0x400000000
[    0.000000] MTRR: Disabled
[    0.000000] x86/PAT: MTRRs disabled, skipping PAT initialization too.
[    0.000000] CPU MTRRs all blank - virtualized system.
[    0.000000] x86/PAT: Configuration [0-7]: WB  WT  UC- UC  WB  WT  UC- UC  
[    0.000000] found SMP MP-table at [mem 0x0009fff0-0x0009ffff]
[    0.000000] Scanning 1 areas for low memory corruption
[    0.000000] RAMDISK: [mem 0x359c7000-0x36cdafff]
[    0.000000] ACPI: Early table checksum verification disabled
[    0.000000] ACPI: RSDP 0x00000000000E0000 000024 (v02 VBOX  )
[    0.000000] ACPI: XSDT 0x000000003FFF0030 00003C (v01 VBOX   VBOXXSDT 00000001 ASL  00000061)
[    0.000000] ACPI: FACP 0x000000003FFF00F0 0000F4 (v04 VBOX   VBOXFACP 00000001 ASL  00000061)
[    0.000000] ACPI: DSDT 0x000000003FFF0470 002325 (v02 VBOX   VBOXBIOS 00000002 INTL 20100528)
[    0.000000] ACPI: FACS 0x000000003FFF0200 000040
[    0.000000] ACPI: FACS 0x000000003FFF0200 000040
[    0.000000] ACPI: APIC 0x000000003FFF0240 00005C (v02 VBOX   VBOXAPIC 00000001 ASL  00000061)
[    0.000000] ACPI: SSDT 0x000000003FFF02A0 0001CC (v01 VBOX   VBOXCPUT 00000002 INTL 20100528)
[    0.000000] ACPI: Reserving FACP table memory at [mem 0x3fff00f0-0x3fff01e3]
[    0.000000] ACPI: Reserving DSDT table memory at [mem 0x3fff0470-0x3fff2794]
[    0.000000] ACPI: Reserving FACS table memory at [mem 0x3fff0200-0x3fff023f]
[    0.000000] ACPI: Reserving FACS table memory at [mem 0x3fff0200-0x3fff023f]
[    0.000000] ACPI: Reserving APIC table memory at [mem 0x3fff0240-0x3fff029b]
[    0.000000] ACPI: Reserving SSDT table memory at [mem 0x3fff02a0-0x3fff046b]
[    0.000000] No NUMA configuration found
[    0.000000] Faking a node at [mem 0x0000000000000000-0x000000003ffeffff]
[    0.000000] NODE_DATA(0) allocated [mem 0x3ffc5000-0x3ffeffff]
[    0.000000] kvm-clock: cpu 0, msr 0:3ff44001, primary cpu clock
[    0.000000] kvm-clock: Using msrs 4b564d01 and 4b564d00
[    0.000000] kvm-clock: using sched offset of 6534886405 cycles
[    0.000000] clocksource: kvm-clock: mask: 0xffffffffffffffff max_cycles: 0x1cd42e4dffb, max_idle_ns: 881590591483 ns
[    0.000000] Zone ranges:
[    0.000000]   DMA      [mem 0x0000000000001000-0x0000000000ffffff]
[    0.000000]   DMA32    [mem 0x0000000001000000-0x000000003ffeffff]
[    0.000000]   Normal   empty
[    0.000000]   Device   empty
[    0.000000] Movable zone start for each node
[    0.000000] Early memory node ranges
[    0.000000]   node   0: [mem 0x0000000000001000-0x000000000009efff]
[    0.000000]   node   0: [mem 0x0000000000100000-0x000000003ffeffff]
[    0.000000] Reserved but unavailable: 104 pages
[    0.000000] Initmem setup node 0 [mem 0x0000000000001000-0x000000003ffeffff]
[    0.000000] ACPI: PM-Timer IO Port: 0x4008
[    0.000000] IOAPIC[0]: apic_id 2, version 32, address 0xfec00000, GSI 0-23
[    0.000000] ACPI: INT_SRC_OVR (bus 0 bus_irq 0 global_irq 2 dfl dfl)
[    0.000000] ACPI: INT_SRC_OVR (bus 0 bus_irq 9 global_irq 9 low level)
[    0.000000] Using ACPI (MADT) for SMP configuration information
[    0.000000] smpboot: Allowing 2 CPUs, 0 hotplug CPUs
[    0.000000] PM: Registered nosave memory: [mem 0x00000000-0x00000fff]
[    0.000000] PM: Registered nosave memory: [mem 0x0009f000-0x0009ffff]
[    0.000000] PM: Registered nosave memory: [mem 0x000a0000-0x000effff]
[    0.000000] PM: Registered nosave memory: [mem 0x000f0000-0x000fffff]
[    0.000000] e820: [mem 0x40000000-0xfebfffff] available for PCI devices
[    0.000000] Booting paravirtualized kernel on KVM
[    0.000000] clocksource: refined-jiffies: mask: 0xffffffff max_cycles: 0xffffffff, max_idle_ns: 7645519600211568 ns
[    0.000000] random: get_random_bytes called from start_kernel+0x99/0x500 with crng_init=0
[    0.000000] setup_percpu: NR_CPUS:8192 nr_cpumask_bits:2 nr_cpu_ids:2 nr_node_ids:1
[    0.000000] percpu: Embedded 50 pages/cpu s167936 r8192 d28672 u1048576
[    0.000000] PV qspinlock hash table entries: 256 (order: 0, 4096 bytes)
[    0.000000] Built 1 zonelists, mobility grouping on.  Total pages: 257913
[    0.000000] Policy zone: DMA32
[    0.000000] Kernel command line: BOOT_IMAGE=/boot/vmlinuz-4.15.0-189-generic root=LABEL=cloudimg-rootfs ro console=tty1 console=ttyS0
[    0.000000] Memory: 982640K/1048120K available (12300K kernel code, 2484K rwdata, 4324K rodata, 2468K init, 2724K bss, 65480K reserved, 0K cma-reserved)
[    0.000000] SLUB: HWalign=64, Order=0-3, MinObjects=0, CPUs=2, Nodes=1
[    0.000000] ftrace: allocating 39515 entries in 155 pages
[    0.004000] Hierarchical RCU implementation.
[    0.004000] 	RCU restricting CPUs from NR_CPUS=8192 to nr_cpu_ids=2.
[    0.004000] 	Tasks RCU enabled.
[    0.004000] RCU: Adjusting geometry for rcu_fanout_leaf=16, nr_cpu_ids=2
[    0.004000] NR_IRQS: 524544, nr_irqs: 440, preallocated irqs: 16
[    0.004000] Console: colour VGA+ 80x25
[    0.004000] console [tty1] enabled
[    0.004000] console [ttyS0] enabled
[    0.004000] ACPI: Core revision 20170831
[    0.004000] ACPI: 2 ACPI AML tables successfully acquired and loaded
[    0.004000] APIC: Switch to symmetric I/O mode setup
[    0.004000] ..TIMER: vector=0x30 apic1=0 pin1=2 apic2=-1 pin2=-1
[    0.004000] tsc: Detected 2304.008 MHz processor
[    0.004000] Calibrating delay loop (skipped) preset value.. 4608.01 BogoMIPS (lpj=9216032)
[    0.004000] pid_max: default: 32768 minimum: 301
[    0.004000] Security Framework initialized
[    0.004000] Yama: becoming mindful.
[    0.004000] AppArmor: AppArmor initialized
[    0.004000] Dentry cache hash table entries: 131072 (order: 8, 1048576 bytes)
[    0.004000] Inode-cache hash table entries: 65536 (order: 7, 524288 bytes)
[    0.004000] Mount-cache hash table entries: 2048 (order: 2, 16384 bytes)
[    0.004000] Mountpoint-cache hash table entries: 2048 (order: 2, 16384 bytes)
[    0.008219] Last level iTLB entries: 4KB 64, 2MB 8, 4MB 8
[    0.012000] Last level dTLB entries: 4KB 64, 2MB 0, 4MB 0, 1GB 4
[    0.012000] Spectre V1 : Mitigation: usercopy/swapgs barriers and __user pointer sanitization
[    0.012000] Spectre V2 : Mitigation: Enhanced IBRS
[    0.012000] Spectre V2 : Spectre v2 / SpectreRSB mitigation: Filling RSB on context switch
[    0.012000] Speculative Store Bypass: Vulnerable
[    0.012000] MMIO Stale Data: Vulnerable: Clear CPU buffers attempted, no microcode
[    0.012000] Freeing SMP alternatives memory: 36K
[    0.040000] APIC calibration not consistent with PM-Timer: 102ms instead of 100ms
[    0.040000] APIC delta adjusted to PM-Timer: 6279279 (6406899)
[    0.040000] smpboot: CPU0: Intel(R) Core(TM) i7-10510U CPU @ 1.80GHz (family: 0x6, model: 0x8e, stepping: 0xc)
[    0.040000] Performance Events: unsupported p6 CPU model 142 no PMU driver, software events only.
[    0.040000] Hierarchical SRCU implementation.
[    0.040000] NMI watchdog: Perf event create on CPU 0 failed with -2
[    0.040000] NMI watchdog: Perf NMI watchdog permanently disabled
[    0.040000] smp: Bringing up secondary CPUs ...
[    0.040000] x86: Booting SMP configuration:
[    0.040000] .... node  #0, CPUs:      #1
[    0.004000] kvm-clock: cpu 1, msr 0:3ff44041, secondary cpu clock
[    0.048104] smp: Brought up 1 node, 2 CPUs
[    0.051346] smpboot: Max logical packages: 1
[    0.052000] smpboot: Total of 2 processors activated (9216.03 BogoMIPS)
[    0.056077] devtmpfs: initialized
[    0.058955] x86/mm: Memory block size: 128MB
[    0.060000] evm: security.selinux
[    0.060000] evm: security.SMACK64
[    0.060000] evm: security.SMACK64EXEC
[    0.060000] evm: security.SMACK64TRANSMUTE
[    0.060000] evm: security.SMACK64MMAP
[    0.060000] evm: security.apparmor
[    0.060000] evm: security.ima
[    0.060000] evm: security.capability
[    0.060538] clocksource: jiffies: mask: 0xffffffff max_cycles: 0xffffffff, max_idle_ns: 7645041785100000 ns
[    0.064000] futex hash table entries: 512 (order: 3, 32768 bytes)
[    0.064000] pinctrl core: initialized pinctrl subsystem
[    0.064000] RTC time: 18:26:14, date: 08/06/22
[    0.064000] NET: Registered protocol family 16
[    0.064000] audit: initializing netlink subsys (disabled)
[    0.064288] audit: type=2000 audit(1659810381.750:1): state=initialized audit_enabled=0 res=1
[    0.076038] cpuidle: using governor ladder
[    0.080000] cpuidle: using governor menu
[    0.080000] ACPI: bus type PCI registered
[    0.080000] acpiphp: ACPI Hot Plug PCI Controller Driver version: 0.5
[    0.080000] PCI: Using configuration type 1 for base access
[    0.084564] HugeTLB registered 2.00 MiB page size, pre-allocated 0 pages
[    0.092432] ACPI: Added _OSI(Module Device)
[    0.096000] ACPI: Added _OSI(Processor Device)
[    0.096000] ACPI: Added _OSI(3.0 _SCP Extensions)
[    0.096000] ACPI: Added _OSI(Processor Aggregator Device)
[    0.096000] ACPI: Added _OSI(Linux-Dell-Video)
[    0.096000] ACPI: Added _OSI(Linux-Lenovo-NV-HDMI-Audio)
[    0.096000] ACPI: Added _OSI(Linux-HPI-Hybrid-Graphics)
[    0.096639] ACPI: Executed 1 blocks of module-level executable AML code
[    0.105013] ACPI: Interpreter enabled
[    0.108000] ACPI: (supports S0 S5)
[    0.108000] ACPI: Using IOAPIC for interrupt routing
[    0.108326] PCI: Using host bridge windows from ACPI; if necessary, use "pci=nocrs" and report a bug
[    0.112000] ACPI: Enabled 2 GPEs in block 00 to 07
[    0.122833] ACPI: PCI Root Bridge [PCI0] (domain 0000 [bus 00-ff])
[    0.124000] acpi PNP0A03:00: _OSC: OS supports [ASPM ClockPM Segments MSI]
[    0.128003] acpi PNP0A03:00: _OSC: not requesting OS control; OS requires [ExtendedConfig ASPM ClockPM MSI]
[    0.132000] acpi PNP0A03:00: fail to add MMCONFIG information, can't access extended PCI configuration space under this bridge.
[    0.132682] PCI host bridge to bus 0000:00
[    0.136000] pci_bus 0000:00: root bus resource [io  0x0000-0x0cf7 window]
[    0.136000] pci_bus 0000:00: root bus resource [io  0x0d00-0xffff window]
[    0.136000] pci_bus 0000:00: root bus resource [mem 0x000a0000-0x000bffff window]
[    0.136000] pci_bus 0000:00: root bus resource [mem 0x40000000-0xfdffffff window]
[    0.136000] pci_bus 0000:00: root bus resource [bus 00-ff]
[    0.142163] pci 0000:00:01.1: legacy IDE quirk: reg 0x10: [io  0x01f0-0x01f7]
[    0.144000] pci 0000:00:01.1: legacy IDE quirk: reg 0x14: [io  0x03f6]
[    0.144000] pci 0000:00:01.1: legacy IDE quirk: reg 0x18: [io  0x0170-0x0177]
[    0.144000] pci 0000:00:01.1: legacy IDE quirk: reg 0x1c: [io  0x0376]
[    0.160000] pci 0000:00:07.0: quirk: [io  0x4000-0x403f] claimed by PIIX4 ACPI
[    0.160000] pci 0000:00:07.0: quirk: [io  0x4100-0x410f] claimed by PIIX4 SMB
[    0.172624] ACPI: PCI Interrupt Link [LNKA] (IRQs 5 9 10 *11)
[    0.176392] ACPI: PCI Interrupt Link [LNKB] (IRQs 5 9 *10 11)
[    0.180000] ACPI: PCI Interrupt Link [LNKC] (IRQs 5 *9 10 11)
[    0.180000] ACPI: PCI Interrupt Link [LNKD] (IRQs 5 9 10 *11)
[    0.180000] SCSI subsystem initialized
[    0.184198] pci 0000:00:02.0: vgaarb: setting as boot VGA device
[    0.188000] pci 0000:00:02.0: vgaarb: VGA device added: decodes=io+mem,owns=io+mem,locks=none
[    0.188000] pci 0000:00:02.0: vgaarb: bridge control possible
[    0.188000] vgaarb: loaded
[    0.188000] ACPI: bus type USB registered
[    0.188000] usbcore: registered new interface driver usbfs
[    0.188000] usbcore: registered new interface driver hub
[    0.188000] usbcore: registered new device driver usb
[    0.188249] EDAC MC: Ver: 3.0.0
[    0.192580] PCI: Using ACPI for IRQ routing
[    0.196000] NetLabel: Initializing
[    0.196000] NetLabel:  domain hash size = 128
[    0.196000] NetLabel:  protocols = UNLABELED CIPSOv4 CALIPSO
[    0.196000] NetLabel:  unlabeled traffic allowed by default
[    0.196364] clocksource: Switched to clocksource kvm-clock
[    0.200000] VFS: Disk quotas dquot_6.6.0
[    0.200000] VFS: Dquot-cache hash table entries: 512 (order 0, 4096 bytes)
[    0.200000] AppArmor: AppArmor Filesystem Enabled
[    0.200000] pnp: PnP ACPI init
[    0.253628] pnp: PnP ACPI: found 3 devices
[    0.297177] clocksource: acpi_pm: mask: 0xffffff max_cycles: 0xffffff, max_idle_ns: 2085701024 ns
[    0.300191] NET: Registered protocol family 2
[    0.300191] IP idents hash table entries: 16384 (order: 5, 131072 bytes)
[    0.300191] TCP established hash table entries: 8192 (order: 4, 65536 bytes)
[    0.314575] TCP bind hash table entries: 8192 (order: 5, 131072 bytes)
[    0.314575] TCP: Hash tables configured (established 8192 bind 8192)
[    0.314575] UDP hash table entries: 512 (order: 2, 16384 bytes)
[    0.314575] UDP-Lite hash table entries: 512 (order: 2, 16384 bytes)
[    0.314575] NET: Registered protocol family 1
[    0.314575] pci 0000:00:00.0: Limiting direct PCI/PCI transfers
[    0.314575] pci 0000:00:01.0: Activating ISA DMA hang workarounds
[    0.314575] pci 0000:00:02.0: Video device with shadowed ROM at [mem 0x000c0000-0x000dffff]
[    0.314575] Unpacking initramfs...
[    0.314683] Freeing initrd memory: 19536K
[    0.837802] clocksource: tsc: mask: 0xffffffffffffffff max_cycles: 0x2135ff989ae, max_idle_ns: 440795290363 ns
[    0.841576] platform rtc_cmos: registered platform RTC device (no PNP device found)
[    0.841576] Scanning for low memory corruption every 60 seconds
[    0.863881] Initialise system trusted keyrings
[    0.867246] Key type blacklist registered
[    0.874290] workingset: timestamp_bits=36 max_order=18 bucket_order=0
[    0.880197] zbud: loaded
[    0.887214] squashfs: version 4.0 (2009/01/31) Phillip Lougher
[    0.895272] fuse init (API version 7.26)
[    0.915119] Key type asymmetric registered
[    0.918734] Asymmetric key parser 'x509' registered
[    0.919099] Block layer SCSI generic (bsg) driver version 0.4 loaded (major 246)
[    0.929517] io scheduler noop registered
[    0.932664] io scheduler deadline registered
[    0.933293] io scheduler cfq registered (default)
[    0.941834] ACPI: AC Adapter [AC] (on-line)
[    0.945423] input: Power Button as /devices/LNXSYSTM:00/LNXPWRBN:00/input/input0
[    0.952204] ACPI: Power Button [PWRF]
[    0.955816] input: Sleep Button as /devices/LNXSYSTM:00/LNXSLPBN:00/input/input1
[    0.959716] ACPI: Sleep Button [SLPF]
[    0.965915] Serial: 8250/16550 driver, 32 ports, IRQ sharing enabled
[    0.967291] ACPI: Battery Slot [BAT0] (battery present)
[    1.002398] 00:02: ttyS0 at I/O 0x3f8 (irq = 4, base_baud = 115200) is a 16550A
[    1.004902] Linux agpgart interface v0.103
[    1.016613] loop: module loaded
[    1.021479] scsi host0: ata_piix
[    1.025659] scsi host1: ata_piix
[    1.028548] ata1: PATA max UDMA/33 cmd 0x1f0 ctl 0x3f6 bmdma 0xd000 irq 14
[    1.029548] ata2: PATA max UDMA/33 cmd 0x170 ctl 0x376 bmdma 0xd008 irq 15
[    1.029548] tun: Universal TUN/TAP device driver, 1.6
[    1.039415] PPP generic driver version 2.4.2
[    1.039415] ehci_hcd: USB 2.0 'Enhanced' Host Controller (EHCI) Driver
[    1.039415] ehci-pci: EHCI PCI platform driver
[    1.039415] ehci-platform: EHCI generic platform driver
[    1.039415] ohci_hcd: USB 1.1 'Open' Host Controller (OHCI) Driver
[    1.039415] ohci-pci: OHCI PCI platform driver
[    1.039415] ohci-platform: OHCI generic platform driver
[    1.039415] uhci_hcd: USB Universal Host Controller Interface driver
[    1.039415] i8042: PNP: PS/2 Controller [PNP0303:PS2K,PNP0f03:PS2M] at 0x60,0x64 irq 1,12
[    1.087556] serio: i8042 KBD port at 0x60,0x64 irq 1
[    1.089189] serio: i8042 AUX port at 0x60,0x64 irq 12
[    1.089189] mousedev: PS/2 mouse device common for all mice
[    1.103154] rtc_cmos rtc_cmos: rtc core: registered rtc_cmos as rtc0
[    1.105067] rtc_cmos rtc_cmos: alarms up to one day, 114 bytes nvram
[    1.105067] i2c /dev entries driver
[    1.105067] device-mapper: uevent: version 1.0.3
[    1.105067] device-mapper: ioctl: 4.37.0-ioctl (2017-09-20) initialised: dm-devel@redhat.com
[    1.134434] ledtrig-cpu: registered to indicate activity on CPUs
[    1.142933] NET: Registered protocol family 10
[    1.151172] input: AT Translated Set 2 keyboard as /devices/platform/i8042/serio0/input/input2
[    1.163041] Segment Routing with IPv6
[    1.166262] NET: Registered protocol family 17
[    1.170206] Key type dns_resolver registered
[    1.174316] mce: Using 0 MCE banks
[    1.177889] RAS: Correctable Errors collector initialized.
[    1.177906] sched_clock: Marking stable (1173906076, 0)->(2274545909, -1100639833)
[    1.191988] registered taskstats version 1
[    1.195489] Loading compiled-in X.509 certificates
[    1.202005] Loaded X.509 cert 'Build time autogenerated kernel key: 9c4811ffd453f4b0c13447eb15d717d926dfaff5'
[    1.210853] Loaded X.509 cert 'Canonical Ltd. Live Patch Signing: 14df34d1a87cf37625abec039ef2bf521249b969'
[    1.219299] Loaded X.509 cert 'Canonical Ltd. Kernel Module Signing: 88f752e560a1e0737e31163a466ad7b70a850c19'
[    1.228486] blacklist: Loading compiled-in revocation X.509 certificates
[    1.234184] Loaded X.509 cert 'Canonical Ltd. Secure Boot Signing: 61482aa2830d0ab2ad5af10b7250da9033ddcef0'
[    1.242719] zswap: loaded using pool lzo/zbud
[    1.258306] Key type big_key registered
[    1.261841] Key type trusted registered
[    1.268382] Key type encrypted registered
[    1.272329] AppArmor: AppArmor sha1 policy hashing enabled
[    1.277609] ima: No TPM chip found, activating TPM-bypass! (rc=-19)
[    1.283360] ima: Allocated hash algorithm: sha1
[    1.287624] evm: HMAC attrs: 0x1
[    1.291719]   Magic number: 2:746:442
[    1.297470] rtc_cmos rtc_cmos: setting system clock to 2022-08-06 18:26:15 UTC (1659810375)
[    1.304361] BIOS EDD facility v0.16 2004-Jun-25, 0 devices found
[    1.309217] EDD information not available.
[    1.316858] Freeing unused kernel image memory: 2468K
[    1.344336] Write protecting the kernel read-only data: 20480k
[    1.350336] Freeing unused kernel image memory: 2008K
[    1.354610] Freeing unused kernel image memory: 1820K
[    1.365431] x86/mm: Checked W+X mappings: passed, no W+X pages found.
Loading, please wait...
starting version 237
[    1.494188] e1000: Intel(R) PRO/1000 Network Driver - version 7.3.21-k8-NAPI
[    1.502111] e1000: Copyright (c) 1999-2006 Intel Corporation.
[    1.525331] Fusion MPT base driver 3.04.20
[    1.528965] Copyright (c) 1999-2008 LSI Corporation
[    1.598528] Fusion MPT SPI Host driver 3.04.20
[    1.916935] input: ImExPS/2 Generic Explorer Mouse as /devices/platform/i8042/serio1/input/input4
[    2.257810] e1000 0000:00:03.0 eth0: (PCI:33MHz:32-bit) 02:aa:b2:66:c8:08
[    2.265000] e1000 0000:00:03.0 eth0: Intel(R) PRO/1000 Network Connection
[    2.934726] e1000 0000:00:08.0 eth1: (PCI:33MHz:32-bit) 08:00:27:b4:4a:51
[    2.943351] e1000 0000:00:08.0 eth1: Intel(R) PRO/1000 Network Connection
[    2.951905] mptbase: ioc0: Initiating bringup
[    3.227574] ioc0: LSI53C1030 A0: Capabilities={Initiator}
[    3.903467] scsi host2: ioc0: LSI53C1030 A0, FwRev=00000000h, Ports=1, MaxQ=256, IRQ=20
[    4.353494] scsi 2:0:0:0: Direct-Access     VBOX     HARDDISK         1.0  PQ: 0 ANSI: 5
[    4.394451] scsi target2:0:0: Beginning Domain Validation
[    4.406337] scsi target2:0:0: Domain Validation skipping write tests
[    4.547070] scsi target2:0:0: Ending Domain Validation
[    4.552212] scsi target2:0:0: asynchronous
[    4.559427] scsi 2:0:1:0: Direct-Access     VBOX     HARDDISK         1.0  PQ: 0 ANSI: 5
[    4.844418] scsi target2:0:1: Beginning Domain Validation
[    4.858557] scsi target2:0:1: Domain Validation skipping write tests
[    4.865254] scsi target2:0:1: Ending Domain Validation
[    4.871279] scsi target2:0:1: asynchronous
[    4.882570] random: fast init done
[    4.892220] sd 2:0:0:0: [sda] 83886080 512-byte logical blocks: (42.9 GB/40.0 GiB)
[    4.893353] random: systemd-udevd: uninitialized urandom read (16 bytes read)
[    4.898436] sd 2:0:0:0: Attached scsi generic sg0 type 0
[    4.903819] random: systemd-udevd: uninitialized urandom read (16 bytes read)
[    4.908867] sd 2:0:1:0: Attached scsi generic sg1 type 0
[    4.914675] random: systemd-udevd: uninitialized urandom read (16 bytes read)
[    4.919543] sd 2:0:0:0: [sda] Write Protect is off
[    4.931746] sd 2:0:1:0: [sdb] 20480 512-byte logical blocks: (10.5 MB/10.0 MiB)
[    4.939782] sd 2:0:0:0: [sda] Incomplete mode parameter data
[    4.946602] sd 2:0:0:0: [sda] Assuming drive cache: write through
[    4.952975] sd 2:0:1:0: [sdb] Write Protect is off
[    4.958843] sd 2:0:1:0: [sdb] Incomplete mode parameter data
[    4.964304] sd 2:0:1:0: [sdb] Assuming drive cache: write through
[    5.005482]  sda: sda1
[    5.011277] sd 2:0:0:0: [sda] Attached SCSI disk
[    5.060996] sd 2:0:1:0: [sdb] Attached SCSI disk
[    5.100682] e1000 0000:00:09.0 eth2: (PCI:33MHz:32-bit) 08:00:27:84:7c:0b
[    5.107022] e1000 0000:00:09.0 eth2: Intel(R) PRO/1000 Network Connection
[    5.116702] e1000 0000:00:03.0 enp0s3: renamed from eth0
[    7.409362] e1000 0000:00:08.0 enp0s8: renamed from eth1
[    8.408642] e1000 0000:00:09.0 enp0s9: renamed from eth2
Begin: Loading essential drivers ... [   11.744314] raid6: sse2x1   gen()  9783 MB/s
[   13.408807] raid6: sse2x1   xor() 151653 MB/s
[   15.399389] raid6: sse2x2   gen() 270863 MB/s
[   17.402316] raid6: sse2x2   xor() 199600 MB/s
[   20.404852] raid6: sse2x4   gen() 309401 MB/s
[   22.406919] raid6: sse2x4   xor() 175288 MB/s
[   22.411824] raid6: using algorithm sse2x4 gen() 309401 MB/s
[   22.416273] raid6: .... xor() 175288 MB/s, rmw enabled
[   22.421527] raid6: using ssse3x2 recovery algorithm
[   22.428802] xor: measuring software checksum speed
[   27.425026]    prefetch64-sse: 380485.704 MB/sec
[   27.521518]    generic_sse: 54468.000 MB/sec
[   27.525747] xor: using function: prefetch64-sse (380485.704 MB/sec)
[   27.533423] async_tx: api initialized (async)
done.
Begin: Running /scripts/init-premount ... done.
Begin: Mounting root file system ... Begin: Running /scripts/local-top ... done.
Begin: Running /scripts/local-premount ... [   27.603999] Btrfs loaded, crc32c=crc32c-intel
Scanning for Btrfs filesystems
done.
Warning: fsck not present, so skipping root file system
[   28.077295] EXT4-fs (sda1): mounted filesystem with ordered data mode. Opts: (null)
done.
Begin: Running /scripts/local-bottom ... done.
Begin: Running /scripts/init-bottom ... done.
[   29.014317] random: crng init done
[   29.019095] random: 7 urandom warning(s) missed due to ratelimiting
[   30.520464] ip_tables: (C) 2000-2006 Netfilter Core Team
[   30.705438] systemd[1]: systemd 237 running in system mode. (+PAM +AUDIT +SELINUX +IMA +APPARMOR +SMACK +SYSVINIT +UTMP +LIBCRYPTSETUP +GCRYPT +GNUTLS +ACL +XZ +LZ4 +SECCOMP +BLKID +ELFUTILS +KMOD -IDN2 +IDN -PCRE2 default-hierarchy=hybrid)
[   30.724241] systemd[1]: Detected virtualization oracle.
[   30.728485] systemd[1]: Detected architecture x86-64.

Welcome to [1mUbuntu 18.04.6 LTS[0m!

[   30.946731] systemd[1]: Set hostname to <ubuntu>.
[   31.451620] systemd[1]: Initializing machine ID from random generator.
[   31.458995] systemd[1]: Installed transient /etc/machine-id file.
[   34.808329] systemd[1]: Reached target System Time Synchronized.
[[0;32m  OK  [0m] Reached target System Time Synchronized.
[   34.814680] systemd[1]: Set up automount Arbitrary Executable File Formats File System Automount Point.
[[0;32m  OK  [0m] Set up automount Arbitrary Executabâ€¦rmats File System Automount Point.
[   34.835170] systemd[1]: Created slice System Slice.
[[0;32m  OK  [0m] Created slice System Slice.
[   34.841040] systemd[1]: Listening on fsck to fsckd communication Socket.
[[0;32m  OK  [0m] Listening on fsck to fsckd communication Socket.
[[0;32m  OK  [0m] Listening on Syslog Socket.
[[0;32m  OK  [0m] Created slice User and Session Slice.
[[0;32m  OK  [0m] Reached target Slices.
[[0;32m  OK  [0m] Listening on /dev/initctl Compatibility Named Pipe.
[[0;32m  OK  [0m] Started Forward Password Requests to Wall Directory Watch.
[[0;32m  OK  [0m] Listening on Journal Audit Socket.
[[0;32m  OK  [0m] Listening on Network Service Netlink Socket.
[[0;32m  OK  [0m] Listening on Journal Socket.
         Mounting Huge Pages File System...
         Starting Set the console keyboard layout...
         Mounting POSIX Message Queue File System...
[[0;32m  OK  [0m] Created slice system-serial\x2dgetty.slice.
[[0;32m  OK  [0m] Listening on udev Kernel Socket.
[[0;32m  OK  [0m] Listening on Journal Socket (/dev/log).
         Starting Journal Service...
         Starting File System Check on Root Device...
         Starting Create list of required stâ€¦ce nodes for the current kernel...
         Starting Uncomplicated firewall...
[[0;32m  OK  [0m] Reached target User and Group Name Lookups.
[[0;32m  OK  [0m] Listening on Device-mapper event daemon FIFOs.
[[0;32m  OK  [0m] Listening on LVM2 poll daemon socket.
[[0;32m  OK  [0m] Listening on udev Control Socket.
         Starting udev Coldplug all Devices...
         Starting Load Kernel Modules...
         Mounting Kernel Debug File System...
[[0;32m  OK  [0m] Reached target Swap.
[[0;32m  OK  [0m] Listening on LVM2 metadata daemon socket.
         Starting Monitoring of LVM2 mirrorsâ€¦ng dmeventd or progress polling...
[[0;32m  OK  [0m] Mounted Huge Pages File System.
[[0;32m  OK  [0m] Mounted POSIX Message Queue File System.
[[0;32m  OK  [0m] Started Create list of required staâ€¦vice nodes for the current kernel.
[[0;32m  OK  [0m] Started Uncomplicated firewall.
[[0;32m  OK  [0m] Started File System Check Daemon to report status.
         Starting Create Static Device Nodes in /dev...
[[0;32m  OK  [0m] Mounted Kernel Debug File System.
[[0;32m  OK  [0m] Started Journal Service.
[[0;32m  OK  [0m] Started File System Check on Root Device.
         Starting Remount Root and Kernel File Systems...
[[0;32m  OK  [0m] Started udev Coldplug all Devices.
[   35.583303] Loading iSCSI transport class v2.0-870.
[   36.029701] iscsi: registered transport (tcp)
[   36.035792] EXT4-fs (sda1): re-mounted. Opts: (null)
[[0;32m  OK  [0m] Started Remount Root and Kernel File Systems.
         Starting Flush Journal to Persistent Storage...
         Starting Load/Save Random Seed...
[[0;32m  OK  [0m] Started Create Static Device Nodes in /dev.
         Starting udev Kernel Device Manager...
[   36.524834] iscsi: registered transport (iser)
[[0;32m  OK  [0m] Started Load Kernel Modules.
         Starting Apply Kernel Variables...
         Mounting Kernel Configuration File System...
         Mounting FUSE Control File System...
[[0;32m  OK  [0m] Mounted Kernel Configuration File System.
[[0;32m  OK  [0m] Mounted FUSE Control File System.
[   36.556819] systemd-journald[388]: Received request to flush runtime journal from PID 1
[[0;32m  OK  [0m] Started Load/Save Random Seed.
[[0;32m  OK  [0m] Started LVM2 metadata daemon.
[[0;32m  OK  [0m] Started Apply Kernel Variables.
[[0;32m  OK  [0m] Started udev Kernel Device Manager.
[[0;32m  OK  [0m] Started Flush Journal to Persistent Storage.
[[0;32m  OK  [0m] Started Monitoring of LVM2 mirrors,â€¦sing dmeventd or progress polling.
[[0;32m  OK  [0m] Found device /dev/ttyS0.
[[0;32m  OK  [0m] Listening on Load/Save RF Kill Switch Status /dev/rfkill Watch.
[[0;32m  OK  [0m] Started Set the console keyboard layout.
[[0;32m  OK  [0m] Reached target Local File Systems (Pre).
[[0;32m  OK  [0m] Reached target Local File Systems.
         Starting AppArmor initialization...
         Starting Set console font and keymap...
         Starting Create Volatile Files and Directories...
         Starting ebtables ruleset management...
         Starting Tell Plymouth To Write Out Runtime Data...
         Starting Commit a transient machine-id on disk...
[[0;32m  OK  [0m] Started Dispatch Password Requests to Console Directory Watch.
[[0;32m  OK  [0m] Reached target Local Encrypted Volumes.
[[0;32m  OK  [0m] Started Create Volatile Files and Directories.
         Starting Update UTMP about System Boot/Shutdown...
[[0;32m  OK  [0m] Started Tell Plymouth To Write Out Runtime Data.
[[0;32m  OK  [0m] Started Update UTMP about System Boot/Shutdown.
[[0;32m  OK  [0m] Started Commit a transient machine-id on disk.
[[0;32m  OK  [0m] Started ebtables ruleset management.
[[0;32m  OK  [0m] Started Set console font and keymap.
[[0;32m  OK  [0m] Started AppArmor initialization.
         Starting Load AppArmor profiles managed internally by snapd...
         Starting Initial cloud-init job (pre-networking)...
[[0;32m  OK  [0m] Started Load AppArmor profiles managed internally by snapd.
[   58.991970] cloud-init[779]: Cloud-init v. 22.2-0ubuntu1~18.04.3 running 'init-local' at Sat, 06 Aug 2022 18:27:11 +0000. Up 57.27 seconds.
[[0;32m  OK  [0m] Started Initial cloud-init job (pre-networking).
[[0;32m  OK  [0m] Reached target Network (Pre).
         Starting Network Service...
[[0;32m  OK  [0m] Started Network Service.
         Starting Wait for Network to be Configured...
         Starting Network Name Resolution...
[[0;32m  OK  [0m] Started Network Name Resolution.
[[0;32m  OK  [0m] Reached target Host and Network Name Lookups.
[[0;32m  OK  [0m] Reached target Network.
[[0;32m  OK  [0m] Started Wait for Network to be Configured.
         Starting Initial cloud-init job (metadata service crawler)...
[   62.277221] cloud-init[932]: Cloud-init v. 22.2-0ubuntu1~18.04.3 running 'init' at Sat, 06 Aug 2022 18:27:16 +0000. Up 61.87 seconds.
[   62.284414] cloud-init[932]: ci-info: ++++++++++++++++++++++++++++++++++++++Net device info+++++++++++++++++++++++++++++++++++++++
[   62.288396] cloud-init[932]: ci-info: +--------+-------+----------------------------+---------------+--------+-------------------+
[   62.292215] cloud-init[932]: ci-info: | Device |   Up  |          Address           |      Mask     | Scope  |     Hw-Address    |
[   62.296912] cloud-init[932]: ci-info: +--------+-------+----------------------------+---------------+--------+-------------------+
[   62.301790] cloud-init[932]: ci-info: | enp0s3 |  True |         10.0.2.15          | 255.255.255.0 | global | 02:aa:b2:66:c8:08 |
[   62.306321] cloud-init[932]: ci-info: | enp0s3 |  True | fe80::aa:b2ff:fe66:c808/64 |       .       |  link  | 02:aa:b2:66:c8:08 |
[   62.310599] cloud-init[932]: ci-info: | enp0s8 | False |             .              |       .       |   .    | 08:00:27:b4:4a:51 |
[   62.314318] cloud-init[932]: ci-info: | enp0s9 | False |             .              |       .       |   .    | 08:00:27:84:7c:0b |
[   62.318412] cloud-init[932]: ci-info: |   lo   |  True |         127.0.0.1          |   255.0.0.0   |  host  |         .         |
[   62.324337] cloud-init[932]: ci-info: |   lo   |  True |          ::1/128           |       .       |  host  |         .         |
[   62.328921] cloud-init[932]: ci-info: +--------+-------+----------------------------+---------------+--------+-------------------+
[   62.333103] cloud-init[932]: ci-info: ++++++++++++++++++++++++++++Route IPv4 info+++++++++++++++++++++++++++++
[   62.337707] cloud-init[932]: ci-info: +-------+-------------+----------+-----------------+-----------+-------+
[   62.340874] cloud-init[932]: ci-info: | Route | Destination | Gateway  |     Genmask     | Interface | Flags |
[   62.347210] cloud-init[932]: ci-info: +-------+-------------+----------+-----------------+-----------+-------+
[   62.350948] cloud-init[932]: ci-info: |   0   |   0.0.0.0   | 10.0.2.2 |     0.0.0.0     |   enp0s3  |   UG  |
[   62.353820] cloud-init[932]: ci-info: |   1   |   10.0.2.0  | 0.0.0.0  |  255.255.255.0  |   enp0s3  |   U   |
[   62.363167] cloud-init[932]: ci-info: |   2   |   10.0.2.2  | 0.0.0.0  | 255.255.255.255 |   enp0s3  |   UH  |
[   62.366167] cloud-init[932]: ci-info: +-------+-------------+----------+-----------------+-----------+-------+
[   62.369184] cloud-init[932]: ci-info: +++++++++++++++++++Route IPv6 info+++++++++++++++++++
[   62.371723] cloud-init[932]: ci-info: +-------+-------------+---------+-----------+-------+
[   62.374172] cloud-init[932]: ci-info: | Route | Destination | Gateway | Interface | Flags |
[   62.378924] cloud-init[932]: ci-info: +-------+-------------+---------+-----------+-------+
[   62.383870] cloud-init[932]: ci-info: |   1   |  fe80::/64  |    ::   |   enp0s3  |   U   |
[   62.389348] cloud-init[932]: ci-info: |   3   |    local    |    ::   |   enp0s3  |   U   |
[   62.393352] cloud-init[932]: ci-info: |   4   |   ff00::/8  |    ::   |   enp0s3  |   U   |
[   62.396588] cloud-init[932]: ci-info: +-------+-------------+---------+-----------+-------+
[   69.146414] cloud-init[932]: Generating public/private rsa key pair.
[   69.148723] cloud-init[932]: Your identification has been saved in /etc/ssh/ssh_host_rsa_key.
[[0;32m  OK  [0m] Started Initial cloud-init job (metadata service crawler).
[   69.201893] cloud-init[932]: Your public key has been saved in /etc/ssh/ssh_host_rsa_key.pub.
[[0;32m  OK  [0m] Reached target System Initialization.
[   69.208335] cloud-init[932]: The key fingerprint is:
[   69.212282] [cloud-init[0;32m  OK  [0m[932]: ] SHA256:8+klGGBhV4zL+JNiNimsIxKbMAFPc3dx3PJEVVcCfzA root@ubuntu-bionicListening on D-Bus System Message Bus Socket.

[   69.217001] cloud-init[932]: The key's randomart image is:
[   69.218628] cloud-init[932]: +---[RSA 2048]----+
[   69.220481] cloud-init[932]: |      o o*ooooE.=|
[   69.220598] cloud-init[932]: |. o ...oo.+ o. +.|
[   69.220644] cloud-init[932]: |.o o .o+ . +  . .|
[[0;32m  OK  [0m] Started Ubuntu Advantage Timer for running repeated jobs.
[   69.220688] cloud-init[932]: |. .  ...o   .  . |
[[0;32m  OK  [0m] Listening on cloud-init hotplug hook socket.
[   69.228426] cloud-init[932]: | . .   oS.       |
[   69.231337] cloud-init[932]: |+   o * += .     |
[   69.233377] [cloud-init[0;32m  OK  [0m[932]: ] |.= . + o..+ .    |Listening on Open-iSCSI iscsid Socket.

[   69.236557] [cloud-init[0;32m  OK  [0m[932]: ] |= o      . o     |Listening on ACPID Listen Socket.

[   69.239572] cloud-init[932]: |.. .      .      |
[   69.241471] cloud-init[932]: +----[SHA256]-----+
[   69.243269] cloud-init[932]: Generating public/private dsa key pair.
[   69.245456] cloud-init[932]: Your identification has been saved in /etc/ssh/ssh_host_dsa_key.
[[0;32m  OK  [0m] Listening on UUID daemon activation socket.
[   69.245558] cloud-init[932]: Your public key has been saved in /etc/ssh/ssh_host_dsa_key.pub.
[   69.252232] cloud-init[932]: The key fingerprint is:
[   69.254046] cloud-init[932]: SHA256:NTQR+DGJ+jDCH7RzVFzAvGANHIXFmjYFYCamEIWum1s root@ubuntu-bionic
[   69.257271] [cloud-init[0;32m  OK  [0m[932]: ] The key's randomart image is:Started Daily apt download activities.

[   69.261971] cloud-init[932]: +---[DSA 1024]----+
[   69.264310] cloud-init[932]: |o+. o +o+^X*.    |
[   69.265757] cloud-init[932]: |.. o +. O.@.     |
[   69.267297] cloud-init[932]: |. .. . = *o+     |
[   69.268900] cloud-init[932]: | .  o B *.o.     |
[   69.270568] cloud-init[932]: |.    o OS.       |
[   69.272248] cloud-init[932]: |.     . .        |
[   69.273885] cloud-init[932]: | oE              |
[   69.275853] cloud-init[932]: |o.               |
[   69.278150] cloud-init[932]: |..               |
[   69.280414] cloud-init[932]: +----[SHA256]-----+
[   69.282357] cloud-init[932]: Generating public/private ecdsa key pair.
[   69.284531] cloud-init[932]: Your identification has been saved in /etc/ssh/ssh_host_ecdsa_key.
[   69.287666] cloud-init[932]: Your public key has been saved in /etc/ssh/ssh_host_ecdsa_key.pub.
[   69.291537] [cloud-init[0;32m  OK  [0m[932]: ] The key fingerprint is:Started ACPI Events Check.

[[0;32m  OK  [0m] Reached target Paths.
[   69.295644] cloud-init[932]: SHA256:UfZK7CpSy785HYDptJpXG4CCY2OvFt20N9dZ4VCVjTQ root@ubuntu-bionic
[   69.300899] cloud-init[932]: The key's randomart image is:
[   69.303278] cloud-init[932]: +---[ECDSA 256]---+
[   69.303400] cloud-init[932]: |          o .oEoo|
[   69.303448] cloud-init[932]: |         + o ..o.|
[   69.303855] cloud-init[932]: | .   . o. o + .  |
[   69.304292] cloud-init[932]: |o+. ..= .+ . o   |
[   69.304651] cloud-init[932]: |o.+.ooooS.+ o    |
[   69.304999] cloud-init[932]: | . o =o+oo.o     |
[   69.305386] cloud-init[932]: |  o .o=.++ .     |
[   69.305730] cloud-init[932]: | o  o..oo..      |
[   69.306071] cloud-init[932]: |.    .  +o       |
[   69.306424] cloud-init[932]: +----[SHA256]-----+
[   69.306777] cloud-init[932]: Generating public/private ed25519 key pair.
[   69.307125] cloud-init[932]: Your identification has been saved in /etc/ssh/ssh_host_ed25519_key.
[   69.307571] cloud-init[932]: Your public key has been saved in /etc/ssh/ssh_host_ed25519_key.pub.
[   69.308055] cloud-init[932]: The key fingerprint is:
[   69.308807] cloud-init[932]: SHA256:ZeMHCMptSp+l6WeItULqDrWBs5oFv53gFm38LRFLlLg root@ubuntu-bionic
[   69.309130] cloud-init[932]: The key's randomart image is:
[   69.309446] cloud-init[932]: +--[ED25519 256]--+
[   69.309765] cloud-init[932]: |     ...         |
[   69.310079] cloud-init[932]: |   ..oo. .       |
[   69.310480] cloud-init[932]: |    +oo o =      |
[   69.310823] cloud-init[932]: | . .E+o= + o     |
[   69.311427] cloud-init[932]: |+ ooo.*oS . .    |
[   69.311713] cloud-init[932]: | *.=++oo   .     |
[   69.312810] cloud-init[932]: |o *oo.+oo        |
[   69.313469] cloud-init[932]: |.*.+ ooo.        |
[   69.313909] cloud-init[932]: |oo= o  .         |
[   69.314620] cloud-init[932]: +----[SHA256]-----+
[[0;32m  OK  [0m] Started Message of the Day.
         Starting Socket activation for snappy daemon.
[[0;32m  OK  [0m] Started Daily Cleanup of Temporary Directories.
[[0;32m  OK  [0m] Started Discard unused blocks once a week.
         Starting LXD - unix socket.
[[0;32m  OK  [0m] Started Daily apt upgrade and clean activities.
[[0;32m  OK  [0m] Reached target Timers.
[[0;32m  OK  [0m] Reached target Cloud-config availability.
[[0;32m  OK  [0m] Reached target Network is Online.
         Starting Availability of block devices...
[[0;32m  OK  [0m] Reached target Remote File Systems (Pre).
[[0;32m  OK  [0m] Reached target Remote File Systems.
[[0;32m  OK  [0m] Listening on Socket activation for snappy daemon.
[[0;32m  OK  [0m] Listening on LXD - unix socket.
[[0;32m  OK  [0m] Reached target Sockets.
[[0;32m  OK  [0m] Reached target Basic System.
[[0;32m  OK  [0m] Started Deferred execution scheduler.
         Starting System Logging Service...
         Starting LSB: Record successful boot for GRUB...
         Starting Pollinate to seed the pseudo random number generator...
         Starting LXD - container startup/shutdown...
         Starting Snap Daemon...
[[0;32m  OK  [0m] Started Regular background program processing daemon.
         Starting Virtualbox guest utils...
         Starting LSB: automatic crash report generation...
         Starting Dispatcher daemon for systemd-networkd...
[[0;32m  OK  [0m] Started FUSE filesystem for LXC.
         Starting Login Service...
         Starting Permit User Sessions...
[[0;32m  OK  [0m] Started D-Bus System Message Bus.
[[0;32m  OK  [0m] Started irqbalance daemon.
         Starting Accounts Service...
[[0;32m  OK  [0m] Started System Logging Service.
[[0;32m  OK  [0m] Started Availability of block devices.
[[0;32m  OK  [0m] Started Permit User Sessions.
[[0;32m  OK  [0m] Started Login Service.
[[0;32m  OK  [0m] Started Unattended Upgrades Shutdown.
         Starting Terminate Plymouth Boot Screen...
         Starting Hold until boot process finishes up...
[[0;32m  OK  [0m] Started Hold until boot process finishes up.
         Starting Set console scheme...
[[0;32m  OK  [0m] Started Serial Getty on ttyS0.
[[0;32m  OK  [0m] Started Terminate Plymouth Boot Screen.
[[0;32m  OK  [0m] Started Set console scheme.
[[0;32m  OK  [0m] Created slice system-getty.slice.
[[0;32m  OK  [0m] Started Getty on tty1.
[[0;32m  OK  [0m] Reached target Login Prompts.
[[0;32m  OK  [0m] Started LSB: automatic crash report generation.
[[0;32m  OK  [0m] Started LSB: Record successful boot for GRUB.

Ubuntu 18.04.6 LTS ubuntu-bionic ttyS0

ubuntu-bionic login: [  106.491049] cloud-init[1718]: Cloud-init v. 22.2-0ubuntu1~18.04.3 running 'modules:config' at Sat, 06 Aug 2022 18:27:51 +0000. Up 97.86 seconds.
ci-info: no authorized SSH keys fingerprints found for user ubuntu.
<14>Aug  6 18:28:07 cloud-init: #############################################################
<14>Aug  6 18:28:07 cloud-init: -----BEGIN SSH HOST KEY FINGERPRINTS-----
<14>Aug  6 18:28:08 cloud-init: 1024 SHA256:NTQR+DGJ+jDCH7RzVFzAvGANHIXFmjYFYCamEIWum1s root@ubuntu-bionic (DSA)
<14>Aug  6 18:28:09 cloud-init: 256 SHA256:UfZK7CpSy785HYDptJpXG4CCY2OvFt20N9dZ4VCVjTQ root@ubuntu-bionic (ECDSA)
<14>Aug  6 18:28:09 cloud-init: 256 SHA256:ZeMHCMptSp+l6WeItULqDrWBs5oFv53gFm38LRFLlLg root@ubuntu-bionic (ED25519)
<14>Aug  6 18:28:09 cloud-init: 2048 SHA256:8+klGGBhV4zL+JNiNimsIxKbMAFPc3dx3PJEVVcCfzA root@ubuntu-bionic (RSA)
<14>Aug  6 18:28:09 cloud-init: -----END SSH HOST KEY FINGERPRINTS-----
<14>Aug  6 18:28:10 cloud-init: #############################################################
-----BEGIN SSH HOST KEY KEYS-----
ecdsa-sha2-nistp256 AAAAE2VjZHNhLXNoYTItbmlzdHAyNTYAAAAIbmlzdHAyNTYAAABBBMgpcMzo9Pj9us46Y7QUFWc1pqSLn9glUAi62fnLrqlXRVACC35sI3KdJps9HqL64OUVH2lPUKWWPu/MCrXbMSo= root@ubuntu-bionic
ssh-ed25519 AAAAC3NzaC1lZDI1NTE5AAAAIEfSFdOmb+hn1jE/y0zC63JjA5k6dfLPiQTCjBKZnkB6 root@ubuntu-bionic
ssh-rsa AAAAB3NzaC1yc2EAAAADAQABAAABAQDMid+wFz/CEj1YgYZnTFzTws+TXYgLgT52JWBEPEr+kofx+3IYtQfwaMNSpKAWRw+iJz/pgk9bq4gZjjk1rCft/eeQhYmKhEbgsGzpTPC3/MJij1PQPen3hZ7dIJnaoIlNgsVkKAHbpjpavJIsgv61JGwNhB+QQSo0rNAQSy9X4tP1XgUIEYkZzvvaNGWSSf3ZbsGXO5ve4jyQZZZZOs0Wm/CXeXI5t3IJJf1gyF8EONTd1HpLQgMSCKVkwQ0oTjmYPq6iGwYpmxhH+GhN2dmv7mmWHrMR1GM5JF30yKglYUVoB+8YuaAM89fl/S/Z4Yb6PFptJty613MyMoQ1WDGB root@ubuntu-bionic
-----END SSH HOST KEY KEYS-----
[  116.914875] cloud-init[1972]: Cloud-init v. 22.2-0ubuntu1~18.04.3 running 'modules:final' at Sat, 06 Aug 2022 18:28:01 +0000. Up 107.93 seconds.
[  116.917416] cloud-init[1972]: Cloud-init v. 22.2-0ubuntu1~18.04.3 finished at Sat, 06 Aug 2022 18:28:10 +0000. Datasource DataSourceNoCloud [seed=/dev/sdb][dsmode=net].  Up 116.66 seconds
[ 4412.845754] watchdog: BUG: soft lockup - CPU#0 stuck for 24s! [mysqld:13981]
         Stopping Session 23 of user vagrant.
[[0;32m  OK  [0m] Stopped target Graphical Interface.
         Stopping Accounts Service...
         Stopping User Manager for UID 1000...
         Stopping LSB: Record successful boot for GRUB...
         Stopping irqbalance daemon...
         Stopping Regular background program processing daemon...
[[0;32m  OK  [0m] Stopped Discard unused blocks once a week.
[[0;32m  OK  [0m] Stopped target System Time Synchronized.
[[0;32m  OK  [0m] Closed Load/Save RF Kill Switch Status /dev/rfkill Watch.
         Stopping Authorization Manager...
         Stopping Virtualbox guest utils...
[[0;32m  OK  [0m] Unmounted /var/lib/lxcfs.
[[0;32m  OK  [0m] Stopped Deferred execution scheduler.
[[0;32m  OK  [0m] Stopped Regular background program processing daemon.
[[0;32m  OK  [0m] Stopped Dispatcher daemon for systemd-networkd.
[[0;32m  OK  [0m] Stopped irqbalance daemon.
[[0;32m  OK  [0m] Stopped Accounts Service.
[[0;32m  OK  [0m] Stopped Serial Getty on ttyS0.
[[0;32m  OK  [0m] Stopped Getty on tty1.
[[0;32m  OK  [0m] Stopped Authorization Manager.
[[0;32m  OK  [0m] Stopped OpenBSD Secure Shell server.
[[0;32m  OK  [0m] Stopped User Manager for UID 1000.
[[0;32m  OK  [0m] Stopped Session 23 of user vagrant.
[[0;32m  OK  [0m] Removed slice system-getty.slice.
[[0;32m  OK  [0m] Removed slice system-serial\x2dgetty.slice.
[[0;32m  OK  [0m] Stopped System Logging Service.
[[0;32m  OK  [0m] Stopped Session 21 of user vagrant.
[[0;32m  OK  [0m] Removed slice User Slice of vagrant.
         Stopping Login Service...
         Stopping Permit User Sessions...
[[0;32m  OK  [0m] Stopped LXD - container startup/shutdown.
[[0;32m  OK  [0m] Stopped Login Service.
[[0;32m  OK  [0m] Stopped D-Bus System Message Bus.
[[0;32m  OK  [0m] Stopped FUSE filesystem for LXC.
[[0;32m  OK  [0m] Stopped Permit User Sessions.
[[0;32m  OK  [0m] Stopped target User and Group Name Lookups.
[[0;32m  OK  [0m] Stopped Availability of block devices.
[[0;32m  OK  [0m] Stopped LSB: Record successful boot for GRUB.
[[0;32m  OK  [0m] Stopped LSB: automatic crash report generation.
[[0;32m  OK  [0m] Stopped Virtualbox guest utils.
[[0;32m  OK  [0m] Stopped MySQL Community Server.
[[0;32m  OK  [0m] Stopped The Apache HTTP Server.
[[0;32m  OK  [0m] Stopped target Basic System.
[[0;32m  OK  [0m] Stopped target Slices.
[[0;32m  OK  [0m] Removed slice User and Session Slice.
[[0;32m  OK  [0m] Stopped target Paths.
[[0;32m  OK  [0m] Stopped ACPI Events Check.
[[0;32m  OK  [0m] Stopped target Sockets.
[[0;32m  OK  [0m] Closed Open-iSCSI iscsid Socket.
[[0;32m  OK  [0m] Closed Socket activation for snappy daemon.
[[0;32m  OK  [0m] Closed cloud-init hotplug hook socket.
[[0;32m  OK  [0m] Closed UUID daemon activation socket.
[[0;32m  OK  [0m] Closed LXD - unix socket.
[[0;32m  OK  [0m] Closed ACPID Listen Socket.
[[0;32m  OK  [0m] Closed Syslog Socket.
[[0;32m  OK  [0m] Closed D-Bus System Message Bus Socket.
[[0;32m  OK  [0m] Stopped target Remote File Systems.
         Unmounting /vagrant...
[[0;32m  OK  [0m] Stopped target Host and Network Name Lookups.
[[0;32m  OK  [0m] Stopped target System Initialization.
[[0;32m  OK  [0m] Stopped Commit a transient machine-id on disk.
[[0;32m  OK  [0m] Stopped target Local Encrypted Volumes.
[[0;32m  OK  [0m] Stopped Dispatch Password Requests to Console Directory Watch.
[[0;32m  OK  [0m] Stopped Forward Password Requests to Wall Directory Watch.
         Stopping Update UTMP about System Boot/Shutdown...
         Stopping Load/Save Random Seed...
[[0;32m  OK  [0m] Unmounted /vagrant.
[[0;32m  OK  [0m] Stopped target Network is Online.
[[0;32m  OK  [0m] Stopped Initial cloud-init job (metadata service crawler).
[[0;32m  OK  [0m] Stopped target Remote File Systems (Pre).
[[0;32m  OK  [0m] Stopped target Network.
         Stopping Network Name Resolution...
[[0;32m  OK  [0m] Stopped Network Name Resolution.
         Stopping Network Service...
[[0;32m  OK  [0m] Stopped Update UTMP about System Boot/Shutdown.
[[0;32m  OK  [0m] Stopped Create Volatile Files and Directories.
[[0;32m  OK  [0m] Stopped target Local File Systems.
         Unmounting /run/user/1000...
[[0;32m  OK  [0m] Unmounted /run/user/1000.
[[0;32m  OK  [0m] Reached target Unmount All Filesystems.
[[0;32m  OK  [0m] Stopped target Swap.
[[0;32m  OK  [0m] Stopped target Local File Systems (Pre).
         Stopping Monitoring of LVM2 mirrorsâ€¦ng dmeventd or progress polling...
[[0;32m  OK  [0m] Stopped Create Static Device Nodes in /dev.
[[0;32m  OK  [0m] Stopped Network Service.
[[0;32m  OK  [0m] Stopped Apply Kernel Variables.
[[0;32m  OK  [0m] Stopped Load Kernel Modules.
[[0;32m  OK  [0m] Stopped target Network (Pre).
[[0;32m  OK  [0m] Stopped Initial cloud-init job (pre-networking).
[[0;32m  OK  [0m] Stopped Load/Save Random Seed.
[[0;32m  OK  [0m] Stopped Remount Root and Kernel File Systems.
[[0;32m  OK  [0m] Reached target Shutdown.
[[0;32m  OK  [0m] Reached target Final Step.
         Starting Power-Off...
